taskmanagementsystem\service\impl\TaskServiceImpl.class
taskmanagementsystem\service\impl\AuthServiceImpl.class
taskmanagementsystem\dto\Login.class
taskmanagementsystem\exception\ResourceNotFoundException.class
taskmanagementsystem\repository\TaskRepository.class
taskmanagementsystem\repository\UserRepository.class
taskmanagementsystem\security\CustomUserDetails.class
taskmanagementsystem\exception\ErrorDetails.class
taskmanagementsystem\model\User.class
taskmanagementsystem\dto\Register.class
taskmanagementsystem\controller\AuthController.class
taskmanagementsystem\service\TaskService.class
taskmanagementsystem\security\CorsConfig.class
taskmanagementsystem\controller\TaskController.class
taskmanagementsystem\dto\ApiResponse.class
taskmanagementsystem\security\CustomUserDetailsService.class
taskmanagementsystem\initilizer\InitDatabase.class
taskmanagementsystem\security\AuthResponse.class
taskmanagementsystem\exception\ApiException.class
taskmanagementsystem\TaskManagementSystemApplication.class
taskmanagementsystem\model\Task.class
taskmanagementsystem\security\WebSecurityConfig.class
taskmanagementsystem\exception\GlobalExceptionHandler.class
taskmanagementsystem\service\AuthService.class
