C:\Racila Softecch\Task-Management-System-master\Task-Management-System-master\src\main\java\taskmanagementsystem\controller\TaskController.java
C:\Racila Softecch\Task-Management-System-master\Task-Management-System-master\src\main\java\taskmanagementsystem\dto\Register.java
C:\Racila Softecch\Task-Management-System-master\Task-Management-System-master\src\main\java\taskmanagementsystem\exception\ResourceNotFoundException.java
C:\Racila Softecch\Task-Management-System-master\Task-Management-System-master\src\main\java\taskmanagementsystem\model\Task.java
C:\Racila Softecch\Task-Management-System-master\Task-Management-System-master\src\main\java\taskmanagementsystem\exception\GlobalExceptionHandler.java
C:\Racila Softecch\Task-Management-System-master\Task-Management-System-master\src\main\java\taskmanagementsystem\security\CustomUserDetailsService.java
C:\Racila Softecch\Task-Management-System-master\Task-Management-System-master\src\main\java\taskmanagementsystem\security\CorsConfig.java
C:\Racila Softecch\Task-Management-System-master\Task-Management-System-master\src\main\java\taskmanagementsystem\service\impl\AuthServiceImpl.java
C:\Racila Softecch\Task-Management-System-master\Task-Management-System-master\src\main\java\taskmanagementsystem\exception\ErrorDetails.java
C:\Racila Softecch\Task-Management-System-master\Task-Management-System-master\src\main\java\taskmanagementsystem\repository\TaskRepository.java
C:\Racila Softecch\Task-Management-System-master\Task-Management-System-master\src\main\java\taskmanagementsystem\service\impl\TaskServiceImpl.java
C:\Racila Softecch\Task-Management-System-master\Task-Management-System-master\src\main\java\taskmanagementsystem\security\CustomUserDetails.java
C:\Racila Softecch\Task-Management-System-master\Task-Management-System-master\src\main\java\taskmanagementsystem\controller\AuthController.java
C:\Racila Softecch\Task-Management-System-master\Task-Management-System-master\src\main\java\taskmanagementsystem\dto\ApiResponse.java
C:\Racila Softecch\Task-Management-System-master\Task-Management-System-master\src\main\java\taskmanagementsystem\dto\Login.java
C:\Racila Softecch\Task-Management-System-master\Task-Management-System-master\src\main\java\taskmanagementsystem\service\TaskService.java
C:\Racila Softecch\Task-Management-System-master\Task-Management-System-master\src\main\java\taskmanagementsystem\model\User.java
C:\Racila Softecch\Task-Management-System-master\Task-Management-System-master\src\main\java\taskmanagementsystem\exception\ApiException.java
C:\Racila Softecch\Task-Management-System-master\Task-Management-System-master\src\main\java\taskmanagementsystem\service\AuthService.java
C:\Racila Softecch\Task-Management-System-master\Task-Management-System-master\src\main\java\taskmanagementsystem\TaskManagementSystemApplication.java
C:\Racila Softecch\Task-Management-System-master\Task-Management-System-master\src\main\java\taskmanagementsystem\repository\UserRepository.java
C:\Racila Softecch\Task-Management-System-master\Task-Management-System-master\src\main\java\taskmanagementsystem\security\WebSecurityConfig.java
C:\Racila Softecch\Task-Management-System-master\Task-Management-System-master\src\main\java\taskmanagementsystem\initilizer\InitDatabase.java
C:\Racila Softecch\Task-Management-System-master\Task-Management-System-master\src\main\java\taskmanagementsystem\security\AuthResponse.java
